../Core/Src/main.c:73:5:uart2_write	16	static
../Core/Src/main.c:83:5:__io_putchar	16	static
../Core/Src/main.c:89:6:introTask	16	static
../Core/Src/main.c:97:6:potentiometerTask	128	static
../Core/Src/main.c:121:5:main	16	static
../Core/Src/main.c:207:6:SystemClock_Config	88	static
../Core/Src/main.c:255:13:MX_ADC1_Init	24	static
../Core/Src/main.c:307:13:MX_I2C1_Init	8	static
../Core/Src/main.c:341:13:MX_USART2_UART_Init	8	static
../Core/Src/main.c:374:13:MX_GPIO_Init	48	static
../Core/Src/main.c:418:6:HAL_TIM_PeriodElapsedCallback	16	static
../Core/Src/main.c:435:6:Error_Handler	4	static,ignoring_inline_asm
